[     384ms] Error: Minified React error #418; visit https://react.dev/errors/418?args[]=text&args[]= for the full message or use the non-minified dev environment for full errors and additional helpful warnings.
    at rG (https://attio.com/_next/static/chunks/0os6gpusiibet.js?dpl=dpl_eQyswNJarvyXc6bVsypHjf65nUGp:2:40990)
    at https://attio.com/_next/static/chunks/0os6gpusiibet.js?dpl=dpl_eQyswNJarvyXc6bVsypHjf65nUGp:2:137984
    at sg (https://attio.com/_next/static/chunks/0os6gpusiibet.js?dpl=dpl_eQyswNJarvyXc6bVsypHjf65nUGp:2:141551)
    at sp (https://attio.com/_next/static/chunks/0os6gpusiibet.js?dpl=dpl_eQyswNJarvyXc6bVsypHjf65nUGp:2:132799)
    at https://attio.com/_next/static/chunks/0os6gpusiibet.js?dpl=dpl_eQyswNJarvyXc6bVsypHjf65nUGp:2:127624
    at sn (https://attio.com/_next/static/chunks/0os6gpusiibet.js?dpl=dpl_eQyswNJarvyXc6bVsypHjf65nUGp:2:127725)
    at sQ (https://attio.com/_next/static/chunks/0os6gpusiibet.js?dpl=dpl_eQyswNJarvyXc6bVsypHjf65nUGp:2:154291)
    at MessagePort.L (https://attio.com/_next/static/chunks/0os6gpusiibet.js?dpl=dpl_eQyswNJarvyXc6bVsypHjf65nUGp:2:1904)
[     411ms] [LOG] 

      *@@@@#=                                    ++:
     #@@@@# :#                      :+#    =+@   @@+
    #@@@@#   +             +++ :++ -*@@::::@@@:: --.    +++:
   #@@@@+   ::          :%@@@@@@@@ @@@@@@@@@@@@@ @@+ :#@@@@@@=
  #@@@@:   *:++++      :@@+   +@@@  +@@    @@@   @@+:@@#   +@@+
 #@@@@:   *:#@@# +     *@#     +@@  +@@    @@@   @@++@@     +@@
@@@@@-   + #@@#   +    +@@:   :@@@  +@@    @@@   @@+=@@:    #@#
:@@@@%: + #@@@@: ::     #@@@+@@@@@  :@@@@+ +@@@@ @@+ +@@@+#@@#
 :@@@@@+   #@@@@+:       :++++++++   :+++:  ++++ ++:   +++++:


→ https://attio.com/careers

 @ https://attio.com/_next/static/chunks/0jgj0uwx__4cx.js?dpl=dpl_eQyswNJarvyXc6bVsypHjf65nUGp:9
[    5444ms] [WARNING] The resource https://attio.com/_next/static/chunks/0ecz2spet5qre.css?dpl=dpl_eQyswNJarvyXc6bVsypHjf65nUGp was preloaded using link preload but not used within a few seconds from the window's load event. Please make sure it has an appropriate `as` value and it is preloaded intentionally. @ https://attio.com/help/reference/automations/workflows/workflows-block-library:0
[    5444ms] [WARNING] The resource https://attio.com/_next/static/chunks/172~tn23cy5hf.css?dpl=dpl_eQyswNJarvyXc6bVsypHjf65nUGp was preloaded using link preload but not used within a few seconds from the window's load event. Please make sure it has an appropriate `as` value and it is preloaded intentionally. @ https://attio.com/help/reference/automations/workflows/workflows-block-library:0
[    5444ms] [WARNING] The resource https://attio.com/_next/static/chunks/0dkdspphp_f_o.css?dpl=dpl_eQyswNJarvyXc6bVsypHjf65nUGp was preloaded using link preload but not used within a few seconds from the window's load event. Please make sure it has an appropriate `as` value and it is preloaded intentionally. @ https://attio.com/help/reference/automations/workflows/workflows-block-library:0
[    8574ms] [WARNING] The resource https://attio.com/_next/static/chunks/0ecz2spet5qre.css?dpl=dpl_eQyswNJarvyXc6bVsypHjf65nUGp was preloaded using link preload but not used within a few seconds from the window's load event. Please make sure it has an appropriate `as` value and it is preloaded intentionally. @ https://attio.com/help/reference/automations/workflows/workflows-block-library:0
[    8574ms] [WARNING] The resource https://attio.com/_next/static/chunks/172~tn23cy5hf.css?dpl=dpl_eQyswNJarvyXc6bVsypHjf65nUGp was preloaded using link preload but not used within a few seconds from the window's load event. Please make sure it has an appropriate `as` value and it is preloaded intentionally. @ https://attio.com/help/reference/automations/workflows/workflows-block-library:0
[    8574ms] [WARNING] The resource https://attio.com/_next/static/chunks/0dkdspphp_f_o.css?dpl=dpl_eQyswNJarvyXc6bVsypHjf65nUGp was preloaded using link preload but not used within a few seconds from the window's load event. Please make sure it has an appropriate `as` value and it is preloaded intentionally. @ https://attio.com/help/reference/automations/workflows/workflows-block-library:0
