{
  "action": "gpsr-web-enrich",
  "dryRun": false,
  "limit": 999999,
  "concurrency": 6,
  "debugDir": null,
  "debugFailures": false,
  "debugFailuresMax": 3,
  "minQty": 1
}
Loaded 631 products from Firestore
{
  "totalProducts": 631,
  "candidates": 431,
  "filter": {
    "hasBin": true,
    "minQty": 1
  }
}
{
  "progress": 10,
  "ok": 0,
  "failed": 10,
  "reasons": {
    "no_search_results": 10
  }
}
{
  "progress": 20,
  "ok": 0,
  "failed": 20,
  "reasons": {
    "no_search_results": 20
  }
}
{
  "progress": 30,
  "ok": 0,
  "failed": 30,
  "reasons": {
    "no_search_results": 30
  }
}
{
  "progress": 40,
  "ok": 0,
  "failed": 40,
  "reasons": {
    "no_search_results": 40
  }
}
{
  "progress": 50,
  "ok": 0,
  "failed": 50,
  "reasons": {
    "no_search_results": 50
  }
}
{
  "progress": 60,
  "ok": 0,
  "failed": 60,
  "reasons": {
    "no_search_results": 60
  }
}
{
  "progress": 70,
  "ok": 0,
  "failed": 70,
  "reasons": {
    "no_search_results": 70
  }
}
{
  "progress": 80,
  "ok": 0,
  "failed": 80,
  "reasons": {
    "no_search_results": 80
  }
}
Product saved to Firestore: 0098931289601
Product saved to Firestore: 0198303486543
{
  "progress": 90,
  "ok": 2,
  "failed": 88,
  "reasons": {
    "no_search_results": 88
  }
}
{
  "progress": 100,
  "ok": 2,
  "failed": 98,
  "reasons": {
    "no_search_results": 98
  }
}
Product saved to Firestore: 00872299043330
{
  "progress": 110,
  "ok": 3,
  "failed": 107,
  "reasons": {
    "no_search_results": 107
  }
}
{
  "progress": 120,
  "ok": 3,
  "failed": 117,
  "reasons": {
    "no_search_results": 117
  }
}
{
  "progress": 130,
  "ok": 3,
  "failed": 127,
  "reasons": {
    "no_search_results": 127
  }
}
{
  "progress": 140,
  "ok": 3,
  "failed": 137,
  "reasons": {
    "no_search_results": 137
  }
}
{
  "progress": 150,
  "ok": 3,
  "failed": 147,
  "reasons": {
    "no_search_results": 147
  }
}
{
  "progress": 160,
  "ok": 3,
  "failed": 157,
  "reasons": {
    "no_search_results": 157
  }
}
{
  "progress": 170,
  "ok": 3,
  "failed": 167,
  "reasons": {
    "no_search_results": 167
  }
}
Product saved to Firestore: 0099557e-b9f0-45a4-9c7c-d6418e7daac5
{
  "progress": 180,
  "ok": 4,
  "failed": 176,
  "reasons": {
    "no_search_results": 176
  }
}
{
  "progress": 190,
  "ok": 4,
  "failed": 186,
  "reasons": {
    "no_search_results": 186
  }
}
