{
  "action": "gpsr-web-enrich",
  "dryRun": false,
  "limit": 999999,
  "concurrency": 2,
  "debugDir": null,
  "debugFailures": false,
  "debugFailuresMax": 3,
  "minQty": 1
}
Loaded 631 products from Firestore
{
  "totalProducts": 631,
  "candidates": 431,
  "filter": {
    "hasBin": true,
    "minQty": 1
  }
}
Product saved to Firestore: 0060cdec-9193-411b-af64-4754ca0226bd
Product saved to Firestore: 00442039661193
Product saved to Firestore: 00872299043330
Product saved to Firestore: 0098931289601
Product saved to Firestore: 0198303486543
Product saved to Firestore: 0099557e-b9f0-45a4-9c7c-d6418e7daac5
Product saved to Firestore: 03142017000003
Product saved to Firestore: 0402019292922
Product saved to Firestore: 0456566400136
